// 重构日志: 3d2abe35
// 重构日志: 3591c2f5
// 重构日志: 98bc270d
// 同步 ID: f6d4f705 @ Sat Jul 25 18:04:10 UTC 2026
// 重构日志: 4ec9cd2b
// 同步 ID: a017264f @ Sat Jul 25 21:41:48 UTC 2026
// 重构日志: 5a67ec90
// 重构日志: 8c227dc7
// 重构日志: 15c431ae
// 重构日志: 3c9275bb
// 重构日志: f59b57e1
// 重构日志: 94aa2fb6
// 重构日志: 2c6efca1
// 同步 ID: 560cab76 @ Thu Jul 30 11:35:34 UTC 2026
// 同步 ID: c16c6e45 @ Thu Jul 30 17:24:15 UTC 2026
// 重构日志: b73ea039
// 重构日志: d76b3138
// 重构日志: 73b9aba5
// 同步 ID: 197c2822 @ Sun Aug  2 05:45:37 UTC 2026
// 重构日志: fce5a79d
// 重构日志: 6e0f0d04
// 重构日志: d1e0beff
// 同步 ID: fe24e088 @ Tue Aug  4 04:03:35 UTC 2026
// 重构日志: 23d5d3cc
// 重构日志: fb762dba
// 同步 ID: 181329bc @ Fri Aug  7 01:01:56 UTC 2026
// 重构日志: d4631419
// 同步 ID: 2f45ad14 @ Fri Aug  7 08:52:22 UTC 2026
// 重构日志: 4f717821
// 同步 ID: 5dff1e05 @ Sat Aug  8 00:52:42 UTC 2026
